Archive member included to satisfy reference by file (symbol)

C:\Users\Joey Liu\Desktop\MCGILL\FALL2024\ECSE444\A3\Lib\libarm_cortexM4lf_math.a(arm_sin_f32.o)
                              ./Core/Src/main.o (arm_sin_f32)
C:\Users\Joey Liu\Desktop\MCGILL\FALL2024\ECSE444\A3\Lib\libarm_cortexM4lf_math.a(arm_common_tables.o)
                              C:\Users\Joey Liu\Desktop\MCGILL\FALL2024\ECSE444\A3\Lib\libarm_cortexM4lf_math.a(arm_sin_f32.o) (sinTable_f32)
D:/STM32CubeIDE_1.16.0/STM32CubeIDE/plugins/com.st.stm32cube.ide.mcu.externaltools.gnu-tools-for-stm32.12.3.rel1.win32_1.0.200.202406191623/tools/bin/../lib/gcc/arm-none-eabi/12.3.1/../../../../arm-none-eabi/lib/thumb/v7e-m+fp/hard\libc_nano.a(libc_a-exit.o)
                              D:/STM32CubeIDE_1.16.0/STM32CubeIDE/plugins/com.st.stm32cube.ide.mcu.externaltools.gnu-tools-for-stm32.12.3.rel1.win32_1.0.200.202406191623/tools/bin/../lib/gcc/arm-none-eabi/12.3.1/../../../../arm-none-eabi/lib/thumb/v7e-m+fp/hard/crt0.o (exit)
D:/STM32CubeIDE_1.16.0/STM32CubeIDE/plugins/com.st.stm32cube.ide.mcu.externaltools.gnu-tools-for-stm32.12.3.rel1.win32_1.0.200.202406191623/tools/bin/../lib/gcc/arm-none-eabi/12.3.1/../../../../arm-none-eabi/lib/thumb/v7e-m+fp/hard\libc_nano.a(libc_a-findfp.o)
                              D:/STM32CubeIDE_1.16.0/STM32CubeIDE/plugins/com.st.stm32cube.ide.mcu.externaltools.gnu-tools-for-stm32.12.3.rel1.win32_1.0.200.202406191623/tools/bin/../lib/gcc/arm-none-eabi/12.3.1/../../../../arm-none-eabi/lib/thumb/v7e-m+fp/hard\libc_nano.a(libc_a-exit.o) (__stdio_exit_handler)
D:/STM32CubeIDE_1.16.0/STM32CubeIDE/plugins/com.st.stm32cube.ide.mcu.externaltools.gnu-tools-for-stm32.12.3.rel1.win32_1.0.200.202406191623/tools/bin/../lib/gcc/arm-none-eabi/12.3.1/../../../../arm-none-eabi/lib/thumb/v7e-m+fp/hard\libc_nano.a(libc_a-fwalk.o)
                              D:/STM32CubeIDE_1.16.0/STM32CubeIDE/plugins/com.st.stm32cube.ide.mcu.externaltools.gnu-tools-for-stm32.12.3.rel1.win32_1.0.200.202406191623/tools/bin/../lib/gcc/arm-none-eabi/12.3.1/../../../../arm-none-eabi/lib/thumb/v7e-m+fp/hard\libc_nano.a(libc_a-findfp.o) (_fwalk_sglue)
D:/STM32CubeIDE_1.16.0/STM32CubeIDE/plugins/com.st.stm32cube.ide.mcu.externaltools.gnu-tools-for-stm32.12.3.rel1.win32_1.0.200.202406191623/tools/bin/../lib/gcc/arm-none-eabi/12.3.1/../../../../arm-none-eabi/lib/thumb/v7e-m+fp/hard\libc_nano.a(libc_a-stdio.o)
                              D:/STM32CubeIDE_1.16.0/STM32CubeIDE/plugins/com.st.stm32cube.ide.mcu.externaltools.gnu-tools-for-stm32.12.3.rel1.win32_1.0.200.202406191623/tools/bin/../lib/gcc/arm-none-eabi/12.3.1/../../../../arm-none-eabi/lib/thumb/v7e-m+fp/hard\libc_nano.a(libc_a-findfp.o) (__sread)
D:/STM32CubeIDE_1.16.0/STM32CubeIDE/plugins/com.st.stm32cube.ide.mcu.externaltools.gnu-tools-for-stm32.12.3.rel1.win32_1.0.200.202406191623/tools/bin/../lib/gcc/arm-none-eabi/12.3.1/../../../../arm-none-eabi/lib/thumb/v7e-m+fp/hard\libc_nano.a(libc_a-memset.o)
                              D:/STM32CubeIDE_1.16.0/STM32CubeIDE/plugins/com.st.stm32cube.ide.mcu.externaltools.gnu-tools-for-stm32.12.3.rel1.win32_1.0.200.202406191623/tools/bin/../lib/gcc/arm-none-eabi/12.3.1/../../../../arm-none-eabi/lib/thumb/v7e-m+fp/hard/crt0.o (memset)
D:/STM32CubeIDE_1.16.0/STM32CubeIDE/plugins/com.st.stm32cube.ide.mcu.externaltools.gnu-tools-for-stm32.12.3.rel1.win32_1.0.200.202406191623/tools/bin/../lib/gcc/arm-none-eabi/12.3.1/../../../../arm-none-eabi/lib/thumb/v7e-m+fp/hard\libc_nano.a(libc_a-closer.o)
                              D:/STM32CubeIDE_1.16.0/STM32CubeIDE/plugins/com.st.stm32cube.ide.mcu.externaltools.gnu-tools-for-stm32.12.3.rel1.win32_1.0.200.202406191623/tools/bin/../lib/gcc/arm-none-eabi/12.3.1/../../../../arm-none-eabi/lib/thumb/v7e-m+fp/hard\libc_nano.a(libc_a-stdio.o) (_close_r)
D:/STM32CubeIDE_1.16.0/STM32CubeIDE/plugins/com.st.stm32cube.ide.mcu.externaltools.gnu-tools-for-stm32.12.3.rel1.win32_1.0.200.202406191623/tools/bin/../lib/gcc/arm-none-eabi/12.3.1/../../../../arm-none-eabi/lib/thumb/v7e-m+fp/hard\libc_nano.a(libc_a-reent.o)
                              D:/STM32CubeIDE_1.16.0/STM32CubeIDE/plugins/com.st.stm32cube.ide.mcu.externaltools.gnu-tools-for-stm32.12.3.rel1.win32_1.0.200.202406191623/tools/bin/../lib/gcc/arm-none-eabi/12.3.1/../../../../arm-none-eabi/lib/thumb/v7e-m+fp/hard\libc_nano.a(libc_a-closer.o) (errno)
D:/STM32CubeIDE_1.16.0/STM32CubeIDE/plugins/com.st.stm32cube.ide.mcu.externaltools.gnu-tools-for-stm32.12.3.rel1.win32_1.0.200.202406191623/tools/bin/../lib/gcc/arm-none-eabi/12.3.1/../../../../arm-none-eabi/lib/thumb/v7e-m+fp/hard\libc_nano.a(libc_a-impure.o)
                              D:/STM32CubeIDE_1.16.0/STM32CubeIDE/plugins/com.st.stm32cube.ide.mcu.externaltools.gnu-tools-for-stm32.12.3.rel1.win32_1.0.200.202406191623/tools/bin/../lib/gcc/arm-none-eabi/12.3.1/../../../../arm-none-eabi/lib/thumb/v7e-m+fp/hard\libc_nano.a(libc_a-reent.o) (_impure_ptr)
[...]
Memory Configuration

Name             Origin             Length             Attributes
RAM              0x20000000         0x000a0000         xrw
RAM2             0x10000000         0x00010000         xrw
RAM3             0x20040000         0x00060000         xrw
FLASH            0x08000000         0x00200000         xr
*default*        0x00000000         0xffffffff

Linker script and memory map

LOAD D:/STM32CubeIDE_1.16.0/STM32CubeIDE/plugins/com.st.stm32cube.ide.mcu.externaltools.gnu-tools-for-stm32.12.3.rel1.win32_1.0.200.202406191623/tools/bin/../lib/gcc/arm-none-eabi/12.3.1/thumb/v7e-m+fp/hard/crti.o
LOAD D:/STM32CubeIDE_1.16.0/STM32CubeIDE/plugins/com.st.stm32cube.ide.mcu.externaltools.gnu-tools-for-stm32.12.3.rel1.win32_1.0.200.202406191623/tools/bin/../lib/gcc/arm-none-eabi/12.3.1/thumb/v7e-m+fp/hard/crtbegin.o
LOAD D:/STM32CubeIDE_1.16.0/STM32CubeIDE/plugins/com.st.stm32cube.ide.mcu.externaltools.gnu-tools-for-stm32.12.3.rel1.win32_1.0.200.202406191623/tools/bin/../lib/gcc/arm-none-eabi/12.3.1/../../../../arm-none-eabi/lib/thumb/v7e-m+fp/hard/crt0.o
LOAD ./Core/Src/main.o
LOAD ./Core/Src/stm32l4xx_hal_msp.o
LOAD ./Core/Src/stm32l4xx_it.o
LOAD ./Core/Src/syscalls.o
LOAD ./Core/Src/sysmem.o
LOAD ./Core/Src/system_stm32l4xx.o
LOAD ./Core/Startup/startup_stm32l4s5vitx.o
LOAD ./Drivers/STM32L4xx_HAL_Driver/Src/stm32l4xx_hal.o
LOAD ./Drivers/STM32L4xx_HAL_Driver/Src/stm32l4xx_hal_cortex.o
LOAD ./Drivers/STM32L4xx_HAL_Driver/Src/stm32l4xx_hal_dac.o
LOAD ./Drivers/STM32L4xx_HAL_Driver/Src/stm32l4xx_hal_dac_ex.o
LOAD ./Drivers/STM32L4xx_HAL_Driver/Src/stm32l4xx_hal_dma.o
LOAD ./Drivers/STM32L4xx_HAL_Driver/Src/stm32l4xx_hal_dma_ex.o
LOAD ./Drivers/STM32L4xx_HAL_Driver/Src/stm32l4xx_hal_exti.o
LOAD ./Drivers/STM32L4xx_HAL_Driver/Src/stm32l4xx_hal_flash.o
LOAD ./Drivers/STM32L4xx_HAL_Driver/Src/stm32l4xx_hal_flash_ex.o
LOAD ./Drivers/STM32L4xx_HAL_Driver/Src/stm32l4xx_hal_flash_ramfunc.o
LOAD ./Drivers/STM32L4xx_HAL_Driver/Src/stm32l4xx_hal_gpio.o
LOAD ./Drivers/STM32L4xx_HAL_Driver/Src/stm32l4xx_hal_i2c.o
LOAD ./Drivers/STM32L4xx_HAL_Driver/Src/stm32l4xx_hal_i2c_ex.o
LOAD ./Drivers/STM32L4xx_HAL_Driver/Src/stm32l4xx_hal_pwr.o
LOAD ./Drivers/STM32L4xx_HAL_Driver/Src/stm32l4xx_hal_pwr_ex.o
LOAD ./Drivers/STM32L4xx_HAL_Driver/Src/stm32l4xx_hal_rcc.o
LOAD ./Drivers/STM32L4xx_HAL_Driver/Src/stm32l4xx_hal_rcc_ex.o
LOAD ./Drivers/STM32L4xx_HAL_Driver/Src/stm32l4xx_hal_tim.o
LOAD ./Drivers/STM32L4xx_HAL_Driver/Src/stm32l4xx_hal_tim_ex.o
LOAD C:\Users\Joey Liu\Desktop\MCGILL\FALL2024\ECSE444\A3\Lib\libarm_cortexM4lf_math.a
START GROUP
LOAD D:/STM32CubeIDE_1.16.0/STM32CubeIDE/plugins/com.st.stm32cube.ide.mcu.externaltools.gnu-tools-for-stm32.12.3.rel1.win32_1.0.200.202406191623/tools/bin/../lib/gcc/arm-none-eabi/12.3.1/../../../../arm-none-eabi/lib/thumb/v7e-m+fp/hard\libc_nano.a
LOAD D:/STM32CubeIDE_1.16.0/STM32CubeIDE/plugins/com.st.stm32cube.ide.mcu.externaltools.gnu-tools-for-stm32.12.3.rel1.win32_1.0.200.202406191623/tools/bin/../lib/gcc/arm-none-eabi/12.3.1/../../../../arm-none-eabi/lib/thumb/v7e-m+fp/hard\libm.a
END GROUP
START GROUP
LOAD D:/STM32CubeIDE_1.16.0/STM32CubeIDE/plugins/com.st.stm32cube.ide.mcu.externaltools.gnu-tools-for-stm32.12.3.rel1.win32_1.0.200.202406191623/tools/bin/../lib/gcc/arm-none-eabi/12.3.1/thumb/v7e-m+fp/hard\libgcc.a
LOAD D:/STM32CubeIDE_1.16.0/STM32CubeIDE/plugins/com.st.stm32cube.ide.mcu.externaltools.gnu-tools-for-stm32.12.3.rel1.win32_1.0.200.202406191623/tools/bin/../lib/gcc/arm-none-eabi/12.3.1/../../../../arm-none-eabi/lib/thumb/v7e-m+fp/hard\libc_nano.a
END GROUP
START GROUP
LOAD D:/STM32CubeIDE_1.16.0/STM32CubeIDE/plugins/com.st.stm32cube.ide.mcu.externaltools.gnu-tools-for-stm32.12.3.rel1.win32_1.0.200.202406191623/tools/bin/../lib/gcc/arm-none-eabi/12.3.1/thumb/v7e-m+fp/hard\libgcc.a
LOAD D:/STM32CubeIDE_1.16.0/STM32CubeIDE/plugins/com.st.stm32cube.ide.mcu.externaltools.gnu-tools-for-stm32.12.3.rel1.win32_1.0.200.202406191623/tools/bin/../lib/gcc/arm-none-eabi/12.3.1/../../../../arm-none-eabi/lib/thumb/v7e-m+fp/hard\libc_nano.a
LOAD D:/STM32CubeIDE_1.16.0/STM32CubeIDE/plugins/com.st.stm32cube.ide.mcu.externaltools.gnu-tools-for-stm32.12.3.rel1.win32_1.0.200.202406191623/tools/bin/../lib/gcc/arm-none-eabi/12.3.1/../../../../arm-none-eabi/lib/thumb/v7e-m+fp/hard\libnosys.a
END GROUP
START GROUP
LOAD D:/STM32CubeIDE_1.16.0/STM32CubeIDE/plugins/com.st.stm32cube.ide.mcu.externaltools.gnu-tools-for-stm32.12.3.rel1.win32_1.0.200.202406191623/tools/bin/../lib/gcc/arm-none-eabi/12.3.1/thumb/v7e-m+fp/hard\libgcc.a
LOAD D:/STM32CubeIDE_1.16.0/STM32CubeIDE/plugins/com.st.stm32cube.ide.mcu.externaltools.gnu-tools-for-stm32.12.3.rel1.win32_1.0.200.202406191623/tools/bin/../lib/gcc/arm-none-eabi/12.3.1/../../../../arm-none-eabi/lib/thumb/v7e-m+fp/hard\libc_nano.a
LOAD D:/STM32CubeIDE_1.16.0/STM32CubeIDE/plugins/com.st.stm32cube.ide.mcu.externaltools.gnu-tools-for-stm32.12.3.rel1.win32_1.0.200.202406191623/tools/bin/../lib/gcc/arm-none-eabi/12.3.1/../../../../arm-none-eabi/lib/thumb/v7e-m+fp/hard\libnosys.a
END GROUP
LOAD D:/STM32CubeIDE_1.16.0/STM32CubeIDE/plugins/com.st.stm32cube.ide.mcu.externaltools.gnu-tools-for-stm32.12.3.rel1.win32_1.0.200.202406191623/tools/bin/../lib/gcc/arm-none-eabi/12.3.1/thumb/v7e-m+fp/hard/crtend.o
LOAD D:/STM32CubeIDE_1.16.0/STM32CubeIDE/plugins/com.st.stm32cube.ide.mcu.externaltools.gnu-tools-for-stm32.12.3.rel1.win32_1.0.200.202406191623/tools/bin/../lib/gcc/arm-none-eabi/12.3.1/thumb/v7e-m+fp/hard/crtn.o
                0x200a0000                        _estack = (ORIGIN (RAM) + LENGTH (RAM))
                0x00000200                        _Min_Heap_Size = 0x200
                0x00000400                        _Min_Stack_Size = 0x400

.isr_vector     0x08000000      0x1bc
                0x08000000                        . = ALIGN (0x4)
 *(.isr_vector)
 .isr_vector    0x08000000      0x1bc ./Core/Startup/startup_stm32l4s5vitx.o
                0x08000000                g_pfnVectors
                0x080001bc                        . = ALIGN (0x4)

.text           0x080001bc     0x3678
                0x080001bc                        . = ALIGN (0x4)
 *(.text)
 .text          0x080001bc       0x40 D:/STM32CubeIDE_1.16.0/STM32CubeIDE/plugins/com.st.stm32cube.ide.mcu.externaltools.gnu-tools-for-stm32.12.3.rel1.win32_1.0.200.202406191623/tools/bin/../lib/gcc/arm-none-eabi/12.3.1/thumb/v7e-m+fp/hard/crtbegin.o
 *(.text*)
 .text.HAL_GPIO_EXTI_Callback
                0x080001fc       0xd0 ./Core/Src/main.o
                0x080001fc                HAL_GPIO_EXTI_Callback
 .text.main     0x080002cc      0x19c ./Core/Src/main.o
                0x080002cc                main
 .text.SystemClock_Config
                0x08000468       0xa2 ./Core/Src/main.o
                0x08000468                SystemClock_Config
 *fill*         0x0800050a        0x2 
 .text.MX_DAC1_Init
                0x0800050c       0x84 ./Core/Src/main.o
 .text.MX_TIM2_Init
                0x08000590       0x9c ./Core/Src/main.o
 .text.MX_DMA_Init
                0x0800062c       0x54 ./Core/Src/main.o
 .text.MX_GPIO_Init
                0x08000680       0xc8 ./Core/Src/main.o
 .text.Error_Handler
                0x08000748        0xc ./Core/Src/main.o
                0x08000748                Error_Handler
 .text.HAL_MspInit
                0x08000754       0x48 ./Core/Src/stm32l4xx_hal_msp.o
                0x08000754                HAL_MspInit
 .text.HAL_DAC_MspInit
                0x0800079c       0xdc ./Core/Src/stm32l4xx_hal_msp.o
                0x0800079c                HAL_DAC_MspInit
 .text.HAL_TIM_Base_MspInit
                0x08000878       0x48 ./Core/Src/stm32l4xx_hal_msp.o
                0x08000878                HAL_TIM_Base_MspInit
 .text.NMI_Handler
                0x080008c0        0x8 ./Core/Src/stm32l4xx_it.o
                0x080008c0                NMI_Handler
 .text.HardFault_Handler
                0x080008c8        0x8 ./Core/Src/stm32l4xx_it.o
                0x080008c8                HardFault_Handler
 .text.MemManage_Handler
                0x080008d0        0x8 ./Core/Src/stm32l4xx_it.o
                0x080008d0                MemManage_Handler
 .text.BusFault_Handler
                0x080008d8        0x8 ./Core/Src/stm32l4xx_it.o
                0x080008d8                BusFault_Handler
 .text.UsageFault_Handler
                0x080008e0        0x8 ./Core/Src/stm32l4xx_it.o
                0x080008e0                UsageFault_Handler
 .text.SVC_Handler
                0x080008e8        0xe ./Core/Src/stm32l4xx_it.o
                0x080008e8                SVC_Handler
 .text.DebugMon_Handler
                0x080008f6        0xe ./Core/Src/stm32l4xx_it.o
                0x080008f6                DebugMon_Handler
 .text.PendSV_Handler
                0x08000904        0xe ./Core/Src/stm32l4xx_it.o
                0x08000904                PendSV_Handler
 .text.SysTick_Handler
                0x08000912        0xc ./Core/Src/stm32l4xx_it.o
                0x08000912                SysTick_Handler
 *fill*         0x0800091e        0x2 
 .text.DMA1_Channel1_IRQHandler
                0x08000920       0x14 ./Core/Src/stm32l4xx_it.o
                0x08000920                DMA1_Channel1_IRQHandler
 .text.TIM2_IRQHandler
                0x08000934       0x14 ./Core/Src/stm32l4xx_it.o
                0x08000934                TIM2_IRQHandler
 .text.EXTI15_10_IRQHandler
                0x08000948       0x10 ./Core/Src/stm32l4xx_it.o
                0x08000948                EXTI15_10_IRQHandler
 .text.SystemInit
                0x08000958       0x24 ./Core/Src/system_stm32l4xx.o
                0x08000958                SystemInit
 .text.Reset_Handler
                0x0800097c       0x50 ./Core/Startup/startup_stm32l4s5vitx.o
                0x0800097c                Reset_Handler
 .text.Default_Handler
                0x080009cc        0x2 ./Core/Startup/startup_stm32l4s5vitx.o
                0x080009cc                RTC_Alarm_IRQHandler
                0x080009cc                EXTI2_IRQHandler
                0x080009cc                TIM8_TRG_COM_IRQHandler
                0x080009cc                TIM8_CC_IRQHandler
                0x080009cc                TIM1_CC_IRQHandler
                0x080009cc                TSC_IRQHandler
                0x080009cc                TAMP_STAMP_IRQHandler
                0x080009cc                EXTI3_IRQHandler
                0x080009cc                LPTIM2_IRQHandler
                0x080009cc                DFSDM1_FLT1_IRQHandler
                0x080009cc                GFXMMU_IRQHandler
                0x080009cc                I2C3_ER_IRQHandler
                0x080009cc                DFSDM1_FLT2_IRQHandler
                0x080009cc                EXTI0_IRQHandler
                0x080009cc                I2C2_EV_IRQHandler
                0x080009cc                CAN1_RX0_IRQHandler
                0x080009cc                FPU_IRQHandler
                0x080009cc                TIM1_UP_TIM16_IRQHandler
                0x080009cc                LTDC_ER_IRQHandler
                0x080009cc                SPI1_IRQHandler
                0x080009cc                OCTOSPI1_IRQHandler
                0x080009cc                TIM6_DAC_IRQHandler
                0x080009cc                DCMI_IRQHandler
                0x080009cc                TIM8_UP_IRQHandler
                0x080009cc                OCTOSPI2_IRQHandler
                0x080009cc                DMA2_Channel2_IRQHandler
                0x080009cc                DMA1_Channel4_IRQHandler
                0x080009cc                SAI2_IRQHandler
                0x080009cc                ADC1_IRQHandler
                0x080009cc                DFSDM1_FLT3_IRQHandler
                0x080009cc                USART3_IRQHandler
                0x080009cc                DMA1_Channel7_IRQHandler
                0x080009cc                CAN1_RX1_IRQHandler
                0x080009cc                UART5_IRQHandler
                0x080009cc                TIM4_IRQHandler
                0x080009cc                DMA2_Channel1_IRQHandler
                0x080009cc                I2C1_EV_IRQHandler
                0x080009cc                DMAMUX1_OVR_IRQHandler
                0x080009cc                DMA1_Channel6_IRQHandler
                0x080009cc                UART4_IRQHandler
                0x080009cc                DMA2_Channel4_IRQHandler
                0x080009cc                TIM3_IRQHandler
                0x080009cc                RCC_IRQHandler
                0x080009cc                Default_Handler
                0x080009cc                DMA2_Channel7_IRQHandler
                0x080009cc                TIM7_IRQHandler
                0x080009cc                SDMMC1_IRQHandler
                0x080009cc                TIM5_IRQHandler
                0x080009cc                I2C3_EV_IRQHandler
                0x080009cc                EXTI9_5_IRQHandler
                0x080009cc                RTC_WKUP_IRQHandler
                0x080009cc                LTDC_IRQHandler
                0x080009cc                PVD_PVM_IRQHandler
                0x080009cc                SPI2_IRQHandler
                0x080009cc                CAN1_TX_IRQHandler
                0x080009cc                DMA2_Channel5_IRQHandler
                0x080009cc                DMA1_Channel5_IRQHandler
                0x080009cc                EXTI4_IRQHandler
                0x080009cc                RNG_IRQHandler
                0x080009cc                TIM1_TRG_COM_TIM17_IRQHandler
                0x080009cc                DMA1_Channel3_IRQHandler
                0x080009cc                COMP_IRQHandler
                0x080009cc                HASH_CRS_IRQHandler
                0x080009cc                WWDG_IRQHandler
                0x080009cc                I2C4_EV_IRQHandler
                0x080009cc                LPUART1_IRQHandler
                0x080009cc                DMA2_Channel6_IRQHandler
                0x080009cc                DMA2D_IRQHandler
                0x080009cc                EXTI1_IRQHandler
                0x080009cc                AES_IRQHandler
                0x080009cc                USART2_IRQHandler
                0x080009cc                DFSDM1_FLT0_IRQHandler
                0x080009cc                I2C2_ER_IRQHandler
                0x080009cc                DMA1_Channel2_IRQHandler
                0x080009cc                TIM8_BRK_IRQHandler
                0x080009cc                CAN1_SCE_IRQHandler
                0x080009cc                FLASH_IRQHandler
                0x080009cc                USART1_IRQHandler
                0x080009cc                OTG_FS_IRQHandler
                0x080009cc                SPI3_IRQHandler
                0x080009cc                I2C1_ER_IRQHandler
                0x080009cc                FMC_IRQHandler
                0x080009cc                LPTIM1_IRQHandler
                0x080009cc                I2C4_ER_IRQHandler
                0x080009cc                SAI1_IRQHandler
                0x080009cc                DMA2_Channel3_IRQHandler
                0x080009cc                TIM1_BRK_TIM15_IRQHandler
 .text.HAL_Init
                0x080009ce       0x30 ./Drivers/STM32L4xx_HAL_Driver/Src/stm32l4xx_hal.o
                0x080009ce                HAL_Init
 *fill*         0x080009fe        0x2 
 .text.HAL_InitTick
                0x08000a00       0x78 ./Drivers/STM32L4xx_HAL_Driver/Src/stm32l4xx_hal.o
                0x08000a00                HAL_InitTick
 .text.HAL_IncTick
                0x08000a78       0x28 ./Drivers/STM32L4xx_HAL_Driver/Src/stm32l4xx_hal.o
                0x08000a78                HAL_IncTick
 .text.HAL_GetTick
                0x08000aa0       0x18 ./Drivers/STM32L4xx_HAL_Driver/Src/stm32l4xx_hal.o
                0x08000aa0                HAL_GetTick
 .text.HAL_Delay
                0x08000ab8       0x48 ./Drivers/STM32L4xx_HAL_Driver/Src/stm32l4xx_hal.o
                0x08000ab8                HAL_Delay
 .text.__NVIC_SetPriorityGrouping
                0x08000b00       0x48 ./Drivers/STM32L4xx_HAL_Driver/Src/stm32l4xx_hal_cortex.o
 .text.__NVIC_GetPriorityGrouping
                0x08000b48       0x1c ./Drivers/STM32L4xx_HAL_Driver/Src/stm32l4xx_hal_cortex.o
 .text.__NVIC_EnableIRQ
                0x08000b64       0x3c ./Drivers/STM32L4xx_HAL_Driver/Src/stm32l4xx_hal_cortex.o
 .text.__NVIC_SetPriority
                0x08000ba0       0x54 ./Drivers/STM32L4xx_HAL_Driver/Src/stm32l4xx_hal_cortex.o
 .text.NVIC_EncodePriority
                0x08000bf4       0x66 ./Drivers/STM32L4xx_HAL_Driver/Src/stm32l4xx_hal_cortex.o
 *fill*         0x08000c5a        0x2 
 .text.SysTick_Config
                0x08000c5c       0x44 ./Drivers/STM32L4xx_HAL_Driver/Src/stm32l4xx_hal_cortex.o
 .text.HAL_NVIC_SetPriorityGrouping
                0x08000ca0       0x16 ./Drivers/STM32L4xx_HAL_Driver/Src/stm32l4xx_hal_cortex.o
                0x08000ca0                HAL_NVIC_SetPriorityGrouping
 .text.HAL_NVIC_SetPriority
                0x08000cb6       0x38 ./Drivers/STM32L4xx_HAL_Driver/Src/stm32l4xx_hal_cortex.o
                0x08000cb6                HAL_NVIC_SetPriority
 .text.HAL_NVIC_EnableIRQ
                0x08000cee       0x1c ./Drivers/STM32L4xx_HAL_Driver/Src/stm32l4xx_hal_cortex.o
                0x08000cee                HAL_NVIC_EnableIRQ
 .text.HAL_SYSTICK_Config
                0x08000d0a       0x18 ./Drivers/STM32L4xx_HAL_Driver/Src/stm32l4xx_hal_cortex.o
                0x08000d0a                HAL_SYSTICK_Config
 .text.HAL_DAC_Init
                0x08000d22       0x44 ./Drivers/STM32L4xx_HAL_Driver/Src/stm32l4xx_hal_dac.o
                0x08000d22                HAL_DAC_Init
 *fill*         0x08000d66        0x2 
 .text.HAL_DAC_Start_DMA
                0x08000d68      0x198 ./Drivers/STM32L4xx_HAL_Driver/Src/stm32l4xx_hal_dac.o
                0x08000d68                HAL_DAC_Start_DMA
 .text.HAL_DAC_Stop_DMA
                0x08000f00       0x8a ./Drivers/STM32L4xx_HAL_Driver/Src/stm32l4xx_hal_dac.o
                0x08000f00                HAL_DAC_Stop_DMA
 .text.HAL_DAC_ConvCpltCallbackCh1
                0x08000f8a       0x14 ./Drivers/STM32L4xx_HAL_Driver/Src/stm32l4xx_hal_dac.o
                0x08000f8a                HAL_DAC_ConvCpltCallbackCh1
 .text.HAL_DAC_ConvHalfCpltCallbackCh1
                0x08000f9e       0x14 ./Drivers/STM32L4xx_HAL_Driver/Src/stm32l4xx_hal_dac.o
                0x08000f9e                HAL_DAC_ConvHalfCpltCallbackCh1
 .text.HAL_DAC_ErrorCallbackCh1
                0x08000fb2       0x14 ./Drivers/STM32L4xx_HAL_Driver/Src/stm32l4xx_hal_dac.o
                0x08000fb2                HAL_DAC_ErrorCallbackCh1
 *fill*         0x08000fc6        0x2 
 .text.HAL_DAC_ConfigChannel
                0x08000fc8      0x298 ./Drivers/STM32L4xx_HAL_Driver/Src/stm32l4xx_hal_dac.o
                0x08000fc8                HAL_DAC_ConfigChannel
 .text.DAC_DMAConvCpltCh1
                0x08001260       0x22 ./Drivers/STM32L4xx_HAL_Driver/Src/stm32l4xx_hal_dac.o
                0x08001260                DAC_DMAConvCpltCh1
 .text.DAC_DMAHalfConvCpltCh1
                0x08001282       0x1c ./Drivers/STM32L4xx_HAL_Driver/Src/stm32l4xx_hal_dac.o
                0x08001282                DAC_DMAHalfConvCpltCh1
 .text.DAC_DMAErrorCh1
                0x0800129e       0x2e ./Drivers/STM32L4xx_HAL_Driver/Src/stm32l4xx_hal_dac.o
                0x0800129e                DAC_DMAErrorCh1
 .text.HAL_DACEx_ConvCpltCallbackCh2
                0x080012cc       0x14 ./Drivers/STM32L4xx_HAL_Driver/Src/stm32l4xx_hal_dac_ex.o
                0x080012cc                HAL_DACEx_ConvCpltCallbackCh2
 .text.HAL_DACEx_ConvHalfCpltCallbackCh2
                0x080012e0       0x14 ./Drivers/STM32L4xx_HAL_Driver/Src/stm32l4xx_hal_dac_ex.o
                0x080012e0                HAL_DACEx_ConvHalfCpltCallbackCh2
 .text.HAL_DACEx_ErrorCallbackCh2
                0x080012f4       0x14 ./Drivers/STM32L4xx_HAL_Driver/Src/stm32l4xx_hal_dac_ex.o
                0x080012f4                HAL_DACEx_ErrorCallbackCh2
 .text.HAL_DACEx_SelfCalibrate
                0x08001308      0x22e ./Drivers/STM32L4xx_HAL_Driver/Src/stm32l4xx_hal_dac_ex.o
                0x08001308                HAL_DACEx_SelfCalibrate
 .text.DAC_DMAConvCpltCh2
                0x08001536       0x22 ./Drivers/STM32L4xx_HAL_Driver/Src/stm32l4xx_hal_dac_ex.o
                0x08001536                DAC_DMAConvCpltCh2
 .text.DAC_DMAHalfConvCpltCh2
                0x08001558       0x1c ./Drivers/STM32L4xx_HAL_Driver/Src/stm32l4xx_hal_dac_ex.o
                0x08001558                DAC_DMAHalfConvCpltCh2
 .text.DAC_DMAErrorCh2
                0x08001574       0x2e ./Drivers/STM32L4xx_HAL_Driver/Src/stm32l4xx_hal_dac_ex.o
                0x08001574                DAC_DMAErrorCh2
 *fill*         0x080015a2        0x2 
 .text.HAL_DMA_Init
                0x080015a4      0x150 ./Drivers/STM32L4xx_HAL_Driver/Src/stm32l4xx_hal_dma.o
                0x080015a4                HAL_DMA_Init
 .text.HAL_DMA_Start_IT
                0x080016f4       0xf6 ./Drivers/STM32L4xx_HAL_Driver/Src/stm32l4xx_hal_dma.o
                0x080016f4                HAL_DMA_Start_IT
 .text.HAL_DMA_Abort
                0x080017ea       0xb8 ./Drivers/STM32L4xx_HAL_Driver/Src/stm32l4xx_hal_dma.o
                0x080017ea                HAL_DMA_Abort
 .text.HAL_DMA_IRQHandler
                0x080018a2      0x15e ./Drivers/STM32L4xx_HAL_Driver/Src/stm32l4xx_hal_dma.o
                0x080018a2                HAL_DMA_IRQHandler
 .text.DMA_SetConfig
                0x08001a00       0x7c ./Drivers/STM32L4xx_HAL_Driver/Src/stm32l4xx_hal_dma.o
 .text.DMA_CalcDMAMUXChannelBaseAndMask
                0x08001a7c       0x7c ./Drivers/STM32L4xx_HAL_Driver/Src/stm32l4xx_hal_dma.o
 .text.DMA_CalcDMAMUXRequestGenBaseAndMask
                0x08001af8       0x48 ./Drivers/STM32L4xx_HAL_Driver/Src/stm32l4xx_hal_dma.o
 .text.HAL_GPIO_Init
                0x08001b40      0x324 ./Drivers/STM32L4xx_HAL_Driver/Src/stm32l4xx_hal_gpio.o
                0x08001b40                HAL_GPIO_Init
 .text.HAL_GPIO_WritePin
                0x08001e64       0x30 ./Drivers/STM32L4xx_HAL_Driver/Src/stm32l4xx_hal_gpio.o
                0x08001e64                HAL_GPIO_WritePin
 .text.HAL_GPIO_TogglePin
                0x08001e94       0x34 ./Drivers/STM32L4xx_HAL_Driver/Src/stm32l4xx_hal_gpio.o
                0x08001e94                HAL_GPIO_TogglePin
 .text.HAL_GPIO_EXTI_IRQHandler
                0x08001ec8       0x30 ./Drivers/STM32L4xx_HAL_Driver/Src/stm32l4xx_hal_gpio.o
                0x08001ec8                HAL_GPIO_EXTI_IRQHandler
 .text.HAL_PWREx_GetVoltageRange
                0x08001ef8       0x40 ./Drivers/STM32L4xx_HAL_Driver/Src/stm32l4xx_hal_pwr_ex.o
                0x08001ef8                HAL_PWREx_GetVoltageRange
 .text.HAL_PWREx_ControlVoltageScaling
                0x08001f38      0x148 ./Drivers/STM32L4xx_HAL_Driver/Src/stm32l4xx_hal_pwr_ex.o
                0x08001f38                HAL_PWREx_ControlVoltageScaling
 .text.HAL_RCC_OscConfig
                0x08002080      0x834 ./Drivers/STM32L4xx_HAL_Driver/Src/stm32l4xx_hal_rcc.o
                0x08002080                HAL_RCC_OscConfig
 .text.HAL_RCC_ClockConfig
                0x080028b4      0x274 ./Drivers/STM32L4xx_HAL_Driver/Src/stm32l4xx_hal_rcc.o
                0x080028b4                HAL_RCC_ClockConfig
 .text.HAL_RCC_GetSysClockFreq
                0x08002b28      0x118 ./Drivers/STM32L4xx_HAL_Driver/Src/stm32l4xx_hal_rcc.o
                0x08002b28                HAL_RCC_GetSysClockFreq
 .text.HAL_RCC_GetHCLKFreq
                0x08002c40       0x18 ./Drivers/STM32L4xx_HAL_Driver/Src/stm32l4xx_hal_rcc.o
                0x08002c40                HAL_RCC_GetHCLKFreq
 .text.RCC_SetFlashLatencyFromMSIRange
                0x08002c58       0xb4 ./Drivers/STM32L4xx_HAL_Driver/Src/stm32l4xx_hal_rcc.o
 .text.RCC_GetSysClockFreqFromPLLSource
                0x08002d0c       0xcc ./Drivers/STM32L4xx_HAL_Driver/Src/stm32l4xx_hal_rcc.o
 .text.HAL_TIM_Base_Init
                0x08002dd8       0xae ./Drivers/STM32L4xx_HAL_Driver/Src/stm32l4xx_hal_tim.o
                0x08002dd8                HAL_TIM_Base_Init
 *fill*         0x08002e86        0x2 
 .text.HAL_TIM_Base_Start_IT
                0x08002e88       0xe0 ./Drivers/STM32L4xx_HAL_Driver/Src/stm32l4xx_hal_tim.o
                0x08002e88                HAL_TIM_Base_Start_IT
 .text.HAL_TIM_IRQHandler
                0x08002f68      0x20e ./Drivers/STM32L4xx_HAL_Driver/Src/stm32l4xx_hal_tim.o
                0x08002f68                HAL_TIM_IRQHandler
 .text.HAL_TIM_ConfigClockSource
                0x08003176      0x192 ./Drivers/STM32L4xx_HAL_Driver/Src/stm32l4xx_hal_tim.o
                0x08003176                HAL_TIM_ConfigClockSource
 .text.HAL_TIM_PeriodElapsedCallback
                0x08003308       0x14 ./Drivers/STM32L4xx_HAL_Driver/Src/stm32l4xx_hal_tim.o
                0x08003308                HAL_TIM_PeriodElapsedCallback
 .text.HAL_TIM_OC_DelayElapsedCallback
                0x0800331c       0x14 ./Drivers/STM32L4xx_HAL_Driver/Src/stm32l4xx_hal_tim.o
                0x0800331c                HAL_TIM_OC_DelayElapsedCallback
 .text.HAL_TIM_IC_CaptureCallback
                0x08003330       0x14 ./Drivers/STM32L4xx_HAL_Driver/Src/stm32l4xx_hal_tim.o
                0x08003330                HAL_TIM_IC_CaptureCallback
 .text.HAL_TIM_PWM_PulseFinishedCallback
                0x08003344       0x14 ./Drivers/STM32L4xx_HAL_Driver/Src/stm32l4xx_hal_tim.o
                0x08003344                HAL_TIM_PWM_PulseFinishedCallback
 .text.HAL_TIM_TriggerCallback
                0x08003358       0x14 ./Drivers/STM32L4xx_HAL_Driver/Src/stm32l4xx_hal_tim.o
                0x08003358                HAL_TIM_TriggerCallback
 .text.TIM_Base_SetConfig
                0x0800336c      0x14c ./Drivers/STM32L4xx_HAL_Driver/Src/stm32l4xx_hal_tim.o
                0x0800336c                TIM_Base_SetConfig
 .text.TIM_TI1_ConfigInputStage
                0x080034b8       0x5e ./Drivers/STM32L4xx_HAL_Driver/Src/stm32l4xx_hal_tim.o
 .text.TIM_TI2_ConfigInputStage
                0x08003516       0x60 ./Drivers/STM32L4xx_HAL_Driver/Src/stm32l4xx_hal_tim.o
 .text.TIM_ITRx_SetConfig
                0x08003576       0x36 ./Drivers/STM32L4xx_HAL_Driver/Src/stm32l4xx_hal_tim.o
 .text.TIM_ETR_SetConfig
                0x080035ac       0x40 ./Drivers/STM32L4xx_HAL_Driver/Src/stm32l4xx_hal_tim.o
                0x080035ac                TIM_ETR_SetConfig
 .text.HAL_TIMEx_MasterConfigSynchronization
                0x080035ec      0x110 ./Drivers/STM32L4xx_HAL_Driver/Src/stm32l4xx_hal_tim_ex.o
                0x080035ec                HAL_TIMEx_MasterConfigSynchronization
 .text.HAL_TIMEx_CommutCallback
                0x080036fc       0x14 ./Drivers/STM32L4xx_HAL_Driver/Src/stm32l4xx_hal_tim_ex.o
                0x080036fc                HAL_TIMEx_CommutCallback
 .text.HAL_TIMEx_BreakCallback
                0x08003710       0x14 ./Drivers/STM32L4xx_HAL_Driver/Src/stm32l4xx_hal_tim_ex.o
                0x08003710                HAL_TIMEx_BreakCallback
 .text.HAL_TIMEx_Break2Callback
                0x08003724       0x14 ./Drivers/STM32L4xx_HAL_Driver/Src/stm32l4xx_hal_tim_ex.o
                0x08003724                HAL_TIMEx_Break2Callback
 .text.arm_sin_f32
                0x08003738       0x8c C:\Users\Joey Liu\Desktop\MCGILL\FALL2024\ECSE444\A3\Lib\libarm_cortexM4lf_math.a(arm_sin_f32.o)
                0x08003738                arm_sin_f32
 .text.memset   0x080037c4       0x10 D:/STM32CubeIDE_1.16.0/STM32CubeIDE/plugins/com.st.stm32cube.ide.mcu.externaltools.gnu-tools-for-stm32.12.3.rel1.win32_1.0.200.202406191623/tools/bin/../lib/gcc/arm-none-eabi/12.3.1/../../../../arm-none-eabi/lib/thumb/v7e-m+fp/hard\libc_nano.a(libc_a-memset.o)
                0x080037c4                memset
 .text.__libc_init_array
                0x080037d4       0x48 D:/STM32CubeIDE_1.16.0/STM32CubeIDE/plugins/com.st.stm32cube.ide.mcu.externaltools.gnu-tools-for-stm32.12.3.rel1.win32_1.0.200.202406191623/tools/bin/../lib/gcc/arm-none-eabi/12.3.1/../../../../arm-none-eabi/lib/thumb/v7e-m+fp/hard\libc_nano.a(libc_a-init.o)
                0x080037d4                __libc_init_array
 *(.glue_7)
 .glue_7        0x0800381c        0x0 linker stubs
 *(.glue_7t)
 .glue_7t       0x0800381c        0x0 linker stubs
 *(.eh_frame)
 .eh_frame      0x0800381c        0x0 D:/STM32CubeIDE_1.16.0/STM32CubeIDE/plugins/com.st.stm32cube.ide.mcu.externaltools.gnu-tools-for-stm32.12.3.rel1.win32_1.0.200.202406191623/tools/bin/../lib/gcc/arm-none-eabi/12.3.1/thumb/v7e-m+fp/hard/crtbegin.o
 *(.init)
 .init          0x0800381c        0x4 D:/STM32CubeIDE_1.16.0/STM32CubeIDE/plugins/com.st.stm32cube.ide.mcu.externaltools.gnu-tools-for-stm32.12.3.rel1.win32_1.0.200.202406191623/tools/bin/../lib/gcc/arm-none-eabi/12.3.1/thumb/v7e-m+fp/hard/crti.o
                0x0800381c                _init
 .init          0x08003820        0x8 D:/STM32CubeIDE_1.16.0/STM32CubeIDE/plugins/com.st.stm32cube.ide.mcu.externaltools.gnu-tools-for-stm32.12.3.rel1.win32_1.0.200.202406191623/tools/bin/../lib/gcc/arm-none-eabi/12.3.1/thumb/v7e-m+fp/hard/crtn.o
 *(.fini)
 .fini          0x08003828        0x4 D:/STM32CubeIDE_1.16.0/STM32CubeIDE/plugins/com.st.stm32cube.ide.mcu.externaltools.gnu-tools-for-stm32.12.3.rel1.win32_1.0.200.202406191623/tools/bin/../lib/gcc/arm-none-eabi/12.3.1/thumb/v7e-m+fp/hard/crti.o
                0x08003828                _fini
 .fini          0x0800382c        0x8 D:/STM32CubeIDE_1.16.0/STM32CubeIDE/plugins/com.st.stm32cube.ide.mcu.externaltools.gnu-tools-for-stm32.12.3.rel1.win32_1.0.200.202406191623/tools/bin/../lib/gcc/arm-none-eabi/12.3.1/thumb/v7e-m+fp/hard/crtn.o
                0x08003834                        . = ALIGN (0x4)
                0x08003834                        _etext = .

.vfp11_veneer   0x08003834        0x0
 .vfp11_veneer  0x08003834        0x0 linker stubs

.v4_bx          0x08003834        0x0
 .v4_bx         0x08003834        0x0 linker stubs

.iplt           0x08003834        0x0
 .iplt          0x08003834        0x0 D:/STM32CubeIDE_1.16.0/STM32CubeIDE/plugins/com.st.stm32cube.ide.mcu.externaltools.gnu-tools-for-stm32.12.3.rel1.win32_1.0.200.202406191623/tools/bin/../lib/gcc/arm-none-eabi/12.3.1/thumb/v7e-m+fp/hard/crtbegin.o

.rodata         0x08003834      0x844
                0x08003834                        . = ALIGN (0x4)
 *(.rodata)
 *(.rodata*)
 .rodata.AHBPrescTable
                0x08003834       0x10 ./Core/Src/system_stm32l4xx.o
                0x08003834                AHBPrescTable
 .rodata.MSIRangeTable
                0x08003844       0x30 ./Core/Src/system_stm32l4xx.o
                0x08003844                MSIRangeTable
 .rodata.sinTable_f32
                0x08003874      0x804 C:\Users\Joey Liu\Desktop\MCGILL\FALL2024\ECSE444\A3\Lib\libarm_cortexM4lf_math.a(arm_common_tables.o)
                0x08003874                sinTable_f32
                0x08004078                        . = ALIGN (0x4)

.ARM.extab      0x08004078        0x0
                0x08004078                        . = ALIGN (0x4)
 *(.ARM.extab* .gnu.linkonce.armextab.*)
                0x08004078                        . = ALIGN (0x4)

.ARM            0x08004078        0x0
                0x08004078                        . = ALIGN (0x4)
                0x08004078                        __exidx_start = .
 *(.ARM.exidx*)
                0x08004078                        __exidx_end = .
                0x08004078                        . = ALIGN (0x4)

.preinit_array  0x08004078        0x0
                0x08004078                        . = ALIGN (0x4)
                0x08004078                        PROVIDE (__preinit_array_start = .)
 *(.preinit_array*)
                0x08004078                        PROVIDE (__preinit_array_end = .)
                0x08004078                        . = ALIGN (0x4)

.init_array     0x08004078        0x4
                0x08004078                        . = ALIGN (0x4)
                0x08004078                        PROVIDE (__init_array_start = .)
 *(SORT_BY_NAME(.init_array.*))
 *(.init_array*)
 .init_array    0x08004078        0x4 D:/STM32CubeIDE_1.16.0/STM32CubeIDE/plugins/com.st.stm32cube.ide.mcu.externaltools.gnu-tools-for-stm32.12.3.rel1.win32_1.0.200.202406191623/tools/bin/../lib/gcc/arm-none-eabi/12.3.1/thumb/v7e-m+fp/hard/crtbegin.o
                0x0800407c                        PROVIDE (__init_array_end = .)
                0x0800407c                        . = ALIGN (0x4)

.fini_array     0x0800407c        0x4
                0x0800407c                        . = ALIGN (0x4)
                [!provide]                        PROVIDE (__fini_array_start = .)
 *(SORT_BY_NAME(.fini_array.*))
 *(.fini_array*)
 .fini_array    0x0800407c        0x4 D:/STM32CubeIDE_1.16.0/STM32CubeIDE/plugins/com.st.stm32cube.ide.mcu.externaltools.gnu-tools-for-stm32.12.3.rel1.win32_1.0.200.202406191623/tools/bin/../lib/gcc/arm-none-eabi/12.3.1/thumb/v7e-m+fp/hard/crtbegin.o
                [!provide]                        PROVIDE (__fini_array_end = .)
                0x08004080                        . = ALIGN (0x4)
                0x08004080                        _sidata = LOADADDR (.data)

.rel.dyn        0x08004080        0x0
 .rel.iplt      0x08004080        0x0 D:/STM32CubeIDE_1.16.0/STM32CubeIDE/plugins/com.st.stm32cube.ide.mcu.externaltools.gnu-tools-for-stm32.12.3.rel1.win32_1.0.200.202406191623/tools/bin/../lib/gcc/arm-none-eabi/12.3.1/thumb/v7e-m+fp/hard/crtbegin.o

.data           0x20000000       0x18 load address 0x08004080
                0x20000000                        . = ALIGN (0x4)
                0x20000000                        _sdata = .
 *(.data)
 *(.data*)
 .data.C6_size  0x20000000        0x4 ./Core/Src/main.o
                0x20000000                C6_size
 .data.E6_size  0x20000004        0x4 ./Core/Src/main.o
                0x20000004                E6_size
 .data.G6_size  0x20000008        0x4 ./Core/Src/main.o
                0x20000008                G6_size
 .data.SystemCoreClock
                0x2000000c        0x4 ./Core/Src/system_stm32l4xx.o
                0x2000000c                SystemCoreClock
 .data.uwTickPrio
                0x20000010        0x4 ./Drivers/STM32L4xx_HAL_Driver/Src/stm32l4xx_hal.o
                0x20000010                uwTickPrio
 .data.uwTickFreq
                0x20000014        0x1 ./Drivers/STM32L4xx_HAL_Driver/Src/stm32l4xx_hal.o
                0x20000014                uwTickFreq
 *(.RamFunc)
 *(.RamFunc*)
                0x20000018                        . = ALIGN (0x4)
 *fill*         0x20000015        0x3 
                0x20000018                        _edata = .

.igot.plt       0x20000018        0x0 load address 0x08004098
 .igot.plt      0x20000018        0x0 D:/STM32CubeIDE_1.16.0/STM32CubeIDE/plugins/com.st.stm32cube.ide.mcu.externaltools.gnu-tools-for-stm32.12.3.rel1.win32_1.0.200.202406191623/tools/bin/../lib/gcc/arm-none-eabi/12.3.1/thumb/v7e-m+fp/hard/crtbegin.o
                0x20000018                        . = ALIGN (0x4)

.bss            0x20000018      0x1e0 load address 0x08004098
                0x20000018                        _sbss = .
                0x20000018                        __bss_start__ = _sbss
 *(.bss)
 .bss           0x20000018       0x1c D:/STM32CubeIDE_1.16.0/STM32CubeIDE/plugins/com.st.stm32cube.ide.mcu.externaltools.gnu-tools-for-stm32.12.3.rel1.win32_1.0.200.202406191623/tools/bin/../lib/gcc/arm-none-eabi/12.3.1/thumb/v7e-m+fp/hard/crtbegin.o
 *(.bss*)
 .bss.sConfig   0x20000034       0x28 ./Core/Src/main.o
                0x20000034                sConfig
 .bss.hdac1     0x2000005c       0x14 ./Core/Src/main.o
                0x2000005c                hdac1
 .bss.hdma_dac1_ch1
                0x20000070       0x60 ./Core/Src/main.o
                0x20000070                hdma_dac1_ch1
 .bss.htim2     0x200000d0       0x4c ./Core/Src/main.o
                0x200000d0                htim2
 .bss.tone      0x2000011c        0x4 ./Core/Src/main.o
                0x2000011c                tone
 .bss.C6_data   0x20000120       0x58 ./Core/Src/main.o
                0x20000120                C6_data
 .bss.E6_data   0x20000178       0x42 ./Core/Src/main.o
                0x20000178                E6_data
 *fill*         0x200001ba        0x2 
 .bss.G6_data   0x200001bc       0x38 ./Core/Src/main.o
                0x200001bc                G6_data
 .bss.uwTick    0x200001f4        0x4 ./Drivers/STM32L4xx_HAL_Driver/Src/stm32l4xx_hal.o
                0x200001f4                uwTick
 *(COMMON)
                0x200001f8                        . = ALIGN (0x4)
                0x200001f8                        _ebss = .
                0x200001f8                        __bss_end__ = _ebss

._user_heap_stack
                0x200001f8      0x600 load address 0x08004098
                0x200001f8                        . = ALIGN (0x8)
                [!provide]                        PROVIDE (end = .)
                0x200001f8                        PROVIDE (_end = .)
                0x200003f8                        . = (. + _Min_Heap_Size)
 *fill*         0x200001f8      0x200 
                0x200007f8                        . = (. + _Min_Stack_Size)
 *fill*         0x200003f8      0x400 
                0x200007f8                        . = ALIGN (0x8)

/DISCARD/
 libc.a(*)
 libm.a(*)
 libgcc.a(*)

.ARM.attributes
                0x00000000       0x30
 *(.ARM.attributes)
 .ARM.attributes
                0x00000000       0x22 D:/STM32CubeIDE_1.16.0/STM32CubeIDE/plugins/com.st.stm32cube.ide.mcu.externaltools.gnu-tools-for-stm32.12.3.rel1.win32_1.0.200.202406191623/tools/bin/../lib/gcc/arm-none-eabi/12.3.1/thumb/v7e-m+fp/hard/crti.o
 .ARM.attributes
                0x00000022       0x34 D:/STM32CubeIDE_1.16.0/STM32CubeIDE/plugins/com.st.stm32cube.ide.mcu.externaltools.gnu-tools-for-stm32.12.3.rel1.win32_1.0.200.202406191623/tools/bin/../lib/gcc/arm-none-eabi/12.3.1/thumb/v7e-m+fp/hard/crtbegin.o
 .ARM.attributes
                0x00000056       0x34 ./Core/Src/main.o
 .ARM.attributes
                0x0000008a       0x34 ./Core/Src/stm32l4xx_hal_msp.o
 .ARM.attributes
                0x000000be       0x34 ./Core/Src/stm32l4xx_it.o
 .ARM.attributes
                0x000000f2       0x34 ./Core/Src/system_stm32l4xx.o
 .ARM.attributes
                0x00000126       0x21 ./Core/Startup/startup_stm32l4s5vitx.o
 .ARM.attributes
                0x00000147       0x34 ./Drivers/STM32L4xx_HAL_Driver/Src/stm32l4xx_hal.o
 .ARM.attributes
                0x0000017b       0x34 ./Drivers/STM32L4xx_HAL_Driver/Src/stm32l4xx_hal_cortex.o
 .ARM.attributes
                0x000001af       0x34 ./Drivers/STM32L4xx_HAL_Driver/Src/stm32l4xx_hal_dac.o
 .ARM.attributes
                0x000001e3       0x34 ./Drivers/STM32L4xx_HAL_Driver/Src/stm32l4xx_hal_dac_ex.o
 .ARM.attributes
                0x00000217       0x34 ./Drivers/STM32L4xx_HAL_Driver/Src/stm32l4xx_hal_dma.o
 .ARM.attributes
                0x0000024b       0x34 ./Drivers/STM32L4xx_HAL_Driver/Src/stm32l4xx_hal_gpio.o
 .ARM.attributes
                0x0000027f       0x34 ./Drivers/STM32L4xx_HAL_Driver/Src/stm32l4xx_hal_pwr_ex.o
 .ARM.attributes
                0x000002b3       0x34 ./Drivers/STM32L4xx_HAL_Driver/Src/stm32l4xx_hal_rcc.o
 .ARM.attributes
                0x000002e7       0x34 ./Drivers/STM32L4xx_HAL_Driver/Src/stm32l4xx_hal_tim.o
 .ARM.attributes
                0x0000031b       0x34 ./Drivers/STM32L4xx_HAL_Driver/Src/stm32l4xx_hal_tim_ex.o
 .ARM.attributes
                0x0000034f       0x34 C:\Users\Joey Liu\Desktop\MCGILL\FALL2024\ECSE444\A3\Lib\libarm_cortexM4lf_math.a(arm_sin_f32.o)
 .ARM.attributes
                0x00000383       0x39 C:\Users\Joey Liu\Desktop\MCGILL\FALL2024\ECSE444\A3\Lib\libarm_cortexM4lf_math.a(arm_common_tables.o)
 .ARM.attributes
                0x000003bc       0x34 D:/STM32CubeIDE_1.16.0/STM32CubeIDE/plugins/com.st.stm32cube.ide.mcu.externaltools.gnu-tools-for-stm32.12.3.rel1.win32_1.0.200.202406191623/tools/bin/../lib/gcc/arm-none-eabi/12.3.1/../../../../arm-none-eabi/lib/thumb/v7e-m+fp/hard\libc_nano.a(libc_a-memset.o)
 .ARM.attributes
                0x000003f0       0x34 D:/STM32CubeIDE_1.16.0/STM32CubeIDE/plugins/com.st.stm32cube.ide.mcu.externaltools.gnu-tools-for-stm32.12.3.rel1.win32_1.0.200.202406191623/tools/bin/../lib/gcc/arm-none-eabi/12.3.1/../../../../arm-none-eabi/lib/thumb/v7e-m+fp/hard\libc_nano.a(libc_a-init.o)
 .ARM.attributes
                0x00000424       0x22 D:/STM32CubeIDE_1.16.0/STM32CubeIDE/plugins/com.st.stm32cube.ide.mcu.externaltools.gnu-tools-for-stm32.12.3.rel1.win32_1.0.200.202406191623/tools/bin/../lib/gcc/arm-none-eabi/12.3.1/thumb/v7e-m+fp/hard/crtn.o
OUTPUT(A3.elf elf32-littlearm)
LOAD linker stubs
LOAD D:/STM32CubeIDE_1.16.0/STM32CubeIDE/plugins/com.st.stm32cube.ide.mcu.externaltools.gnu-tools-for-stm32.12.3.rel1.win32_1.0.200.202406191623/tools/bin/../lib/gcc/arm-none-eabi/12.3.1/../../../../arm-none-eabi/lib/thumb/v7e-m+fp/hard\libc.a
LOAD D:/STM32CubeIDE_1.16.0/STM32CubeIDE/plugins/com.st.stm32cube.ide.mcu.externaltools.gnu-tools-for-stm32.12.3.rel1.win32_1.0.200.202406191623/tools/bin/../lib/gcc/arm-none-eabi/12.3.1/../../../../arm-none-eabi/lib/thumb/v7e-m+fp/hard\libm.a
LOAD D:/STM32CubeIDE_1.16.0/STM32CubeIDE/plugins/com.st.stm32cube.ide.mcu.externaltools.gnu-tools-for-stm32.12.3.rel1.win32_1.0.200.202406191623/tools/bin/../lib/gcc/arm-none-eabi/12.3.1/thumb/v7e-m+fp/hard\libgcc.a

.debug_info     0x00000000    0x1013d
 .debug_info    0x00000000     0x1791 ./Core/Src/main.o
 .debug_info    0x00001791     0x1129 ./Core/Src/stm32l4xx_hal_msp.o
 .debug_info    0x000028ba      0x893 ./Core/Src/stm32l4xx_it.o
 .debug_info    0x0000314d      0x5e9 ./Core/Src/system_stm32l4xx.o
 .debug_info    0x00003736       0x30 ./Core/Startup/startup_stm32l4s5vitx.o
 .debug_info    0x00003766      0xb4f ./Drivers/STM32L4xx_HAL_Driver/Src/stm32l4xx_hal.o
 .debug_info    0x000042b5      0xd9f ./Drivers/STM32L4xx_HAL_Driver/Src/stm32l4xx_hal_cortex.o
 .debug_info    0x00005054      0xbb9 ./Drivers/STM32L4xx_HAL_Driver/Src/stm32l4xx_hal_dac.o
 .debug_info    0x00005c0d      0xa12 ./Drivers/STM32L4xx_HAL_Driver/Src/stm32l4xx_hal_dac_ex.o
 .debug_info    0x0000661f      0x841 ./Drivers/STM32L4xx_HAL_Driver/Src/stm32l4xx_hal_dma.o
 .debug_info    0x00006e60      0x787 ./Drivers/STM32L4xx_HAL_Driver/Src/stm32l4xx_hal_gpio.o
 .debug_info    0x000075e7      0xa0a ./Drivers/STM32L4xx_HAL_Driver/Src/stm32l4xx_hal_pwr_ex.o
 .debug_info    0x00007ff1      0xd32 ./Drivers/STM32L4xx_HAL_Driver/Src/stm32l4xx_hal_rcc.o
 .debug_info    0x00008d23     0x2bc0 ./Drivers/STM32L4xx_HAL_Driver/Src/stm32l4xx_hal_tim.o
 .debug_info    0x0000b8e3     0x17c4 ./Drivers/STM32L4xx_HAL_Driver/Src/stm32l4xx_hal_tim_ex.o
 .debug_info    0x0000d0a7     0x1612 C:\Users\Joey Liu\Desktop\MCGILL\FALL2024\ECSE444\A3\Lib\libarm_cortexM4lf_math.a(arm_sin_f32.o)
 .debug_info    0x0000e6b9     0x1a84 C:\Users\Joey Liu\Desktop\MCGILL\FALL2024\ECSE444\A3\Lib\libarm_cortexM4lf_math.a(arm_common_tables.o)

.debug_abbrev   0x00000000     0x22e2
 .debug_abbrev  0x00000000      0x2b3 ./Core/Src/main.o
 .debug_abbrev  0x000002b3      0x1fa ./Core/Src/stm32l4xx_hal_msp.o
 .debug_abbrev  0x000004ad      0x193 ./Core/Src/stm32l4xx_it.o
 .debug_abbrev  0x00000640      0x11a ./Core/Src/system_stm32l4xx.o
 .debug_abbrev  0x0000075a       0x24 ./Core/Startup/startup_stm32l4s5vitx.o
 .debug_abbrev  0x0000077e      0x242 ./Drivers/STM32L4xx_HAL_Driver/Src/stm32l4xx_hal.o
 .debug_abbrev  0x000009c0      0x31c ./Drivers/STM32L4xx_HAL_Driver/Src/stm32l4xx_hal_cortex.o
 .debug_abbrev  0x00000cdc      0x218 ./Drivers/STM32L4xx_HAL_Driver/Src/stm32l4xx_hal_dac.o
 .debug_abbrev  0x00000ef4      0x242 ./Drivers/STM32L4xx_HAL_Driver/Src/stm32l4xx_hal_dac_ex.o
 .debug_abbrev  0x00001136      0x1e2 ./Drivers/STM32L4xx_HAL_Driver/Src/stm32l4xx_hal_dma.o
 .debug_abbrev  0x00001318      0x1cb ./Drivers/STM32L4xx_HAL_Driver/Src/stm32l4xx_hal_gpio.o
 .debug_abbrev  0x000014e3      0x1f9 ./Drivers/STM32L4xx_HAL_Driver/Src/stm32l4xx_hal_pwr_ex.o
 .debug_abbrev  0x000016dc      0x306 ./Drivers/STM32L4xx_HAL_Driver/Src/stm32l4xx_hal_rcc.o
 .debug_abbrev  0x000019e2      0x276 ./Drivers/STM32L4xx_HAL_Driver/Src/stm32l4xx_hal_tim.o
 .debug_abbrev  0x00001c58      0x281 ./Drivers/STM32L4xx_HAL_Driver/Src/stm32l4xx_hal_tim_ex.o
 .debug_abbrev  0x00001ed9      0x22c C:\Users\Joey Liu\Desktop\MCGILL\FALL2024\ECSE444\A3\Lib\libarm_cortexM4lf_math.a(arm_sin_f32.o)
 .debug_abbrev  0x00002105      0x1dd C:\Users\Joey Liu\Desktop\MCGILL\FALL2024\ECSE444\A3\Lib\libarm_cortexM4lf_math.a(arm_common_tables.o)

.debug_aranges  0x00000000      0xd88
 .debug_aranges
                0x00000000       0x58 ./Core/Src/main.o
 .debug_aranges
                0x00000058       0x40 ./Core/Src/stm32l4xx_hal_msp.o
 .debug_aranges
                0x00000098       0x78 ./Core/Src/stm32l4xx_it.o
 .debug_aranges
                0x00000110       0x28 ./Core/Src/system_stm32l4xx.o
 .debug_aranges
                0x00000138       0x28 ./Core/Startup/startup_stm32l4s5vitx.o
 .debug_aranges
                0x00000160      0x130 ./Drivers/STM32L4xx_HAL_Driver/Src/stm32l4xx_hal.o
 .debug_aranges
                0x00000290      0x128 ./Drivers/STM32L4xx_HAL_Driver/Src/stm32l4xx_hal_cortex.o
 .debug_aranges
                0x000003b8       0xc0 ./Drivers/STM32L4xx_HAL_Driver/Src/stm32l4xx_hal_dac.o
 .debug_aranges
                0x00000478       0x88 ./Drivers/STM32L4xx_HAL_Driver/Src/stm32l4xx_hal_dac_ex.o
 .debug_aranges
                0x00000500       0x90 ./Drivers/STM32L4xx_HAL_Driver/Src/stm32l4xx_hal_dma.o
 .debug_aranges
                0x00000590       0x58 ./Drivers/STM32L4xx_HAL_Driver/Src/stm32l4xx_hal_gpio.o
 .debug_aranges
                0x000005e8      0x170 ./Drivers/STM32L4xx_HAL_Driver/Src/stm32l4xx_hal_pwr_ex.o
 .debug_aranges
                0x00000758       0x98 ./Drivers/STM32L4xx_HAL_Driver/Src/stm32l4xx_hal_rcc.o
 .debug_aranges
                0x000007f0      0x3e0 ./Drivers/STM32L4xx_HAL_Driver/Src/stm32l4xx_hal_tim.o
 .debug_aranges
                0x00000bd0      0x180 ./Drivers/STM32L4xx_HAL_Driver/Src/stm32l4xx_hal_tim_ex.o
 .debug_aranges
                0x00000d50       0x20 C:\Users\Joey Liu\Desktop\MCGILL\FALL2024\ECSE444\A3\Lib\libarm_cortexM4lf_math.a(arm_sin_f32.o)
 .debug_aranges
                0x00000d70       0x18 C:\Users\Joey Liu\Desktop\MCGILL\FALL2024\ECSE444\A3\Lib\libarm_cortexM4lf_math.a(arm_common_tables.o)

.debug_rnglists
                0x00000000      0xa3c
 .debug_rnglists
                0x00000000       0x43 ./Core/Src/main.o
 .debug_rnglists
                0x00000043       0x2c ./Core/Src/stm32l4xx_hal_msp.o
 .debug_rnglists
                0x0000006f       0x55 ./Core/Src/stm32l4xx_it.o
 .debug_rnglists
                0x000000c4       0x1a ./Core/Src/system_stm32l4xx.o
 .debug_rnglists
                0x000000de       0x19 ./Core/Startup/startup_stm32l4s5vitx.o
 .debug_rnglists
                0x000000f7       0xdf ./Drivers/STM32L4xx_HAL_Driver/Src/stm32l4xx_hal.o
 .debug_rnglists
                0x000001d6       0xda ./Drivers/STM32L4xx_HAL_Driver/Src/stm32l4xx_hal_cortex.o
 .debug_rnglists
                0x000002b0       0x90 ./Drivers/STM32L4xx_HAL_Driver/Src/stm32l4xx_hal_dac.o
 .debug_rnglists
                0x00000340       0x62 ./Drivers/STM32L4xx_HAL_Driver/Src/stm32l4xx_hal_dac_ex.o
 .debug_rnglists
                0x000003a2       0x71 ./Drivers/STM32L4xx_HAL_Driver/Src/stm32l4xx_hal_dma.o
 .debug_rnglists
                0x00000413       0x3f ./Drivers/STM32L4xx_HAL_Driver/Src/stm32l4xx_hal_gpio.o
 .debug_rnglists
                0x00000452      0x115 ./Drivers/STM32L4xx_HAL_Driver/Src/stm32l4xx_hal_pwr_ex.o
 .debug_rnglists
                0x00000567       0x74 ./Drivers/STM32L4xx_HAL_Driver/Src/stm32l4xx_hal_rcc.o
 .debug_rnglists
                0x000005db      0x328 ./Drivers/STM32L4xx_HAL_Driver/Src/stm32l4xx_hal_tim.o
 .debug_rnglists
                0x00000903      0x139 ./Drivers/STM32L4xx_HAL_Driver/Src/stm32l4xx_hal_tim_ex.o

.debug_macro    0x00000000    0x2a5eb
 .debug_macro   0x00000000      0x2e5 ./Core/Src/main.o
 .debug_macro   0x000002e5      0xab4 ./Core/Src/main.o
 .debug_macro   0x00000d99      0x1a7 ./Core/Src/main.o
 .debug_macro   0x00000f40       0x2e ./Core/Src/main.o
 .debug_macro   0x00000f6e       0x28 ./Core/Src/main.o
 .debug_macro   0x00000f96       0x22 ./Core/Src/main.o
 .debug_macro   0x00000fb8       0x8e ./Core/Src/main.o
 .debug_macro   0x00001046       0x51 ./Core/Src/main.o
 .debug_macro   0x00001097      0x103 ./Core/Src/main.o
 .debug_macro   0x0000119a       0x6a ./Core/Src/main.o
 .debug_macro   0x00001204      0x1df ./Core/Src/main.o
 .debug_macro   0x000013e3       0x1c ./Core/Src/main.o
 .debug_macro   0x000013ff       0x22 ./Core/Src/main.o
 .debug_macro   0x00001421       0xfb ./Core/Src/main.o
 .debug_macro   0x0000151c     0x1011 ./Core/Src/main.o
 .debug_macro   0x0000252d      0x11f ./Core/Src/main.o
 .debug_macro   0x0000264c    0x1d292 ./Core/Src/main.o
 .debug_macro   0x0001f8de       0x6d ./Core/Src/main.o
 .debug_macro   0x0001f94b     0x3902 ./Core/Src/main.o
 .debug_macro   0x0002324d      0x189 ./Core/Src/main.o
 .debug_macro   0x000233d6       0x5c ./Core/Src/main.o
 .debug_macro   0x00023432     0x1910 ./Core/Src/main.o
 .debug_macro   0x00024d42      0x7dc ./Core/Src/main.o
 .debug_macro   0x0002551e      0x1b9 ./Core/Src/main.o
 .debug_macro   0x000256d7      0x225 ./Core/Src/main.o
 .debug_macro   0x000258fc      0x486 ./Core/Src/main.o
 .debug_macro   0x00025d82      0x1ce ./Core/Src/main.o
 .debug_macro   0x00025f50       0x43 ./Core/Src/main.o
 .debug_macro   0x00025f93      0x23d ./Core/Src/main.o
 .debug_macro   0x000261d0      0x184 ./Core/Src/main.o
 .debug_macro   0x00026354       0xdf ./Core/Src/main.o
 .debug_macro   0x00026433      0x241 ./Core/Src/main.o
 .debug_macro   0x00026674      0x416 ./Core/Src/main.o
 .debug_macro   0x00026a8a       0x1c ./Core/Src/main.o
 .debug_macro   0x00026aa6       0xf2 ./Core/Src/main.o
 .debug_macro   0x00026b98      0x122 ./Core/Src/main.o
 .debug_macro   0x00026cba      0x3f6 ./Core/Src/main.o
 .debug_macro   0x000270b0      0xa98 ./Core/Src/main.o
 .debug_macro   0x00027b48      0x196 ./Core/Src/main.o
 .debug_macro   0x00027cde      0x432 ./Core/Src/main.o
 .debug_macro   0x00028110       0x22 ./Core/Src/main.o
 .debug_macro   0x00028132       0x61 ./Core/Src/main.o
 .debug_macro   0x00028193       0x2a ./Core/Src/main.o
 .debug_macro   0x000281bd       0x43 ./Core/Src/main.o
 .debug_macro   0x00028200       0x34 ./Core/Src/main.o
 .debug_macro   0x00028234       0x16 ./Core/Src/main.o
 .debug_macro   0x0002824a       0x43 ./Core/Src/main.o
 .debug_macro   0x0002828d       0x34 ./Core/Src/main.o
 .debug_macro   0x000282c1       0x10 ./Core/Src/main.o
 .debug_macro   0x000282d1       0x58 ./Core/Src/main.o
 .debug_macro   0x00028329       0x8e ./Core/Src/main.o
 .debug_macro   0x000283b7       0x1c ./Core/Src/main.o
 .debug_macro   0x000283d3      0x177 ./Core/Src/main.o
 .debug_macro   0x0002854a      0x369 ./Core/Src/main.o
 .debug_macro   0x000288b3       0x10 ./Core/Src/main.o
 .debug_macro   0x000288c3       0x35 ./Core/Src/main.o
 .debug_macro   0x000288f8       0x20 ./Core/Src/main.o
 .debug_macro   0x00028918      0x19b ./Core/Src/main.o
 .debug_macro   0x00028ab3      0x201 ./Core/Src/main.o
 .debug_macro   0x00028cb4       0xc8 ./Core/Src/main.o
 .debug_macro   0x00028d7c      0x1dd ./Core/Src/stm32l4xx_hal_msp.o
 .debug_macro   0x00028f59      0x1e7 ./Core/Src/stm32l4xx_it.o
 .debug_macro   0x00029140      0x1ce ./Core/Src/system_stm32l4xx.o
 .debug_macro   0x0002930e      0x21c ./Drivers/STM32L4xx_HAL_Driver/Src/stm32l4xx_hal.o
 .debug_macro   0x0002952a      0x1ce ./Drivers/STM32L4xx_HAL_Driver/Src/stm32l4xx_hal_cortex.o
 .debug_macro   0x000296f8      0x1dd ./Drivers/STM32L4xx_HAL_Driver/Src/stm32l4xx_hal_dac.o
 .debug_macro   0x000298d5      0x1ce ./Drivers/STM32L4xx_HAL_Driver/Src/stm32l4xx_hal_dac_ex.o
 .debug_macro   0x00029aa3      0x1ce ./Drivers/STM32L4xx_HAL_Driver/Src/stm32l4xx_hal_dma.o
 .debug_macro   0x00029c71      0x1d5 ./Drivers/STM32L4xx_HAL_Driver/Src/stm32l4xx_hal_gpio.o
 .debug_macro   0x00029e46      0x1f8 ./Drivers/STM32L4xx_HAL_Driver/Src/stm32l4xx_hal_pwr_ex.o
 .debug_macro   0x0002a03e      0x210 ./Drivers/STM32L4xx_HAL_Driver/Src/stm32l4xx_hal_rcc.o
 .debug_macro   0x0002a24e      0x1cf ./Drivers/STM32L4xx_HAL_Driver/Src/stm32l4xx_hal_tim.o
 .debug_macro   0x0002a41d      0x1ce ./Drivers/STM32L4xx_HAL_Driver/Src/stm32l4xx_hal_tim_ex.o

.debug_line     0x00000000     0xec09
 .debug_line    0x00000000      0xb7b ./Core/Src/main.o
 .debug_line    0x00000b7b      0x804 ./Core/Src/stm32l4xx_hal_msp.o
 .debug_line    0x0000137f      0x866 ./Core/Src/stm32l4xx_it.o
 .debug_line    0x00001be5      0x7f6 ./Core/Src/system_stm32l4xx.o
 .debug_line    0x000023db       0x7a ./Core/Startup/startup_stm32l4s5vitx.o
 .debug_line    0x00002455      0xb51 ./Drivers/STM32L4xx_HAL_Driver/Src/stm32l4xx_hal.o
 .debug_line    0x00002fa6      0xd1a ./Drivers/STM32L4xx_HAL_Driver/Src/stm32l4xx_hal_cortex.o
 .debug_line    0x00003cc0      0xc57 ./Drivers/STM32L4xx_HAL_Driver/Src/stm32l4xx_hal_dac.o
 .debug_line    0x00004917      0xa57 ./Drivers/STM32L4xx_HAL_Driver/Src/stm32l4xx_hal_dac_ex.o
 .debug_line    0x0000536e      0xebf ./Drivers/STM32L4xx_HAL_Driver/Src/stm32l4xx_hal_dma.o
 .debug_line    0x0000622d      0xbc5 ./Drivers/STM32L4xx_HAL_Driver/Src/stm32l4xx_hal_gpio.o
 .debug_line    0x00006df2      0xdb8 ./Drivers/STM32L4xx_HAL_Driver/Src/stm32l4xx_hal_pwr_ex.o
 .debug_line    0x00007baa     0x10a2 ./Drivers/STM32L4xx_HAL_Driver/Src/stm32l4xx_hal_rcc.o
 .debug_line    0x00008c4c     0x3e60 ./Drivers/STM32L4xx_HAL_Driver/Src/stm32l4xx_hal_tim.o
 .debug_line    0x0000caac     0x1c4a ./Drivers/STM32L4xx_HAL_Driver/Src/stm32l4xx_hal_tim_ex.o
 .debug_line    0x0000e6f6      0x2d0 C:\Users\Joey Liu\Desktop\MCGILL\FALL2024\ECSE444\A3\Lib\libarm_cortexM4lf_math.a(arm_sin_f32.o)
 .debug_line    0x0000e9c6      0x243 C:\Users\Joey Liu\Desktop\MCGILL\FALL2024\ECSE444\A3\Lib\libarm_cortexM4lf_math.a(arm_common_tables.o)

.debug_str      0x00000000   0x106bcf
 .debug_str     0x00000000   0x102ed6 ./Core/Src/main.o
                             0x1033f4 (size before relaxing)
 .debug_str     0x00102ed6       0xc9 ./Core/Src/stm32l4xx_hal_msp.o
                              0xfea3f (size before relaxing)
 .debug_str     0x00102f9f      0x146 ./Core/Src/stm32l4xx_it.o
                              0xfe222 (size before relaxing)
 .debug_str     0x001030e5       0xfc ./Core/Src/system_stm32l4xx.o
                              0xfdc98 (size before relaxing)
 .debug_str     0x001031e1       0x44 ./Core/Startup/startup_stm32l4s5vitx.o
                                 0x7f (size before relaxing)
 .debug_str     0x00103225      0x642 ./Drivers/STM32L4xx_HAL_Driver/Src/stm32l4xx_hal.o
                              0xfe876 (size before relaxing)
 .debug_str     0x00103867      0x355 ./Drivers/STM32L4xx_HAL_Driver/Src/stm32l4xx_hal_cortex.o
                              0xfe537 (size before relaxing)
 .debug_str     0x00103bbc      0x256 ./Drivers/STM32L4xx_HAL_Driver/Src/stm32l4xx_hal_dac.o
                              0xfe26f (size before relaxing)
 .debug_str     0x00103e12      0x175 ./Drivers/STM32L4xx_HAL_Driver/Src/stm32l4xx_hal_dac_ex.o
                              0xfe181 (size before relaxing)
 .debug_str     0x00103f87      0x268 ./Drivers/STM32L4xx_HAL_Driver/Src/stm32l4xx_hal_dma.o
                              0xfe020 (size before relaxing)
 .debug_str     0x001041ef       0xd7 ./Drivers/STM32L4xx_HAL_Driver/Src/stm32l4xx_hal_gpio.o
                              0xfde12 (size before relaxing)
 .debug_str     0x001042c6      0x57a ./Drivers/STM32L4xx_HAL_Driver/Src/stm32l4xx_hal_pwr_ex.o
                              0xfe26b (size before relaxing)
 .debug_str     0x00104840      0x3be ./Drivers/STM32L4xx_HAL_Driver/Src/stm32l4xx_hal_rcc.o
                              0xfe30b (size before relaxing)
 .debug_str     0x00104bfe      0xe05 ./Drivers/STM32L4xx_HAL_Driver/Src/stm32l4xx_hal_tim.o
                              0xff0b4 (size before relaxing)
 .debug_str     0x00105a03      0x588 ./Drivers/STM32L4xx_HAL_Driver/Src/stm32l4xx_hal_tim_ex.o
                              0xfe9c8 (size before relaxing)
 .debug_str     0x00105f8b      0xc16 C:\Users\Joey Liu\Desktop\MCGILL\FALL2024\ECSE444\A3\Lib\libarm_cortexM4lf_math.a(arm_sin_f32.o)
                                0xd42 (size before relaxing)
 .debug_str     0x00106ba1       0x2e C:\Users\Joey Liu\Desktop\MCGILL\FALL2024\ECSE444\A3\Lib\libarm_cortexM4lf_math.a(arm_common_tables.o)
                                0xd1d (size before relaxing)

.comment        0x00000000       0xb8
 .comment       0x00000000       0x43 ./Core/Src/main.o
                                 0x44 (size before relaxing)
 .comment       0x00000043       0x44 ./Core/Src/stm32l4xx_hal_msp.o
 .comment       0x00000043       0x44 ./Core/Src/stm32l4xx_it.o
 .comment       0x00000043       0x44 ./Core/Src/system_stm32l4xx.o
 .comment       0x00000043       0x44 ./Drivers/STM32L4xx_HAL_Driver/Src/stm32l4xx_hal.o
 .comment       0x00000043       0x44 ./Drivers/STM32L4xx_HAL_Driver/Src/stm32l4xx_hal_cortex.o
 .comment       0x00000043       0x44 ./Drivers/STM32L4xx_HAL_Driver/Src/stm32l4xx_hal_dac.o
 .comment       0x00000043       0x44 ./Drivers/STM32L4xx_HAL_Driver/Src/stm32l4xx_hal_dac_ex.o
 .comment       0x00000043       0x44 ./Drivers/STM32L4xx_HAL_Driver/Src/stm32l4xx_hal_dma.o
 .comment       0x00000043       0x44 ./Drivers/STM32L4xx_HAL_Driver/Src/stm32l4xx_hal_gpio.o
 .comment       0x00000043       0x44 ./Drivers/STM32L4xx_HAL_Driver/Src/stm32l4xx_hal_pwr_ex.o
 .comment       0x00000043       0x44 ./Drivers/STM32L4xx_HAL_Driver/Src/stm32l4xx_hal_rcc.o
 .comment       0x00000043       0x44 ./Drivers/STM32L4xx_HAL_Driver/Src/stm32l4xx_hal_tim.o
 .comment       0x00000043       0x44 ./Drivers/STM32L4xx_HAL_Driver/Src/stm32l4xx_hal_tim_ex.o
 .comment       0x00000043       0x75 C:\Users\Joey Liu\Desktop\MCGILL\FALL2024\ECSE444\A3\Lib\libarm_cortexM4lf_math.a(arm_sin_f32.o)
                                 0x76 (size before relaxing)
 .comment       0x000000b8       0x76 C:\Users\Joey Liu\Desktop\MCGILL\FALL2024\ECSE444\A3\Lib\libarm_cortexM4lf_math.a(arm_common_tables.o)

.debug_frame    0x00000000     0x3764
 .debug_frame   0x00000000      0x124 ./Core/Src/main.o
 .debug_frame   0x00000124       0xc8 ./Core/Src/stm32l4xx_hal_msp.o
 .debug_frame   0x000001ec      0x158 ./Core/Src/stm32l4xx_it.o
 .debug_frame   0x00000344       0x58 ./Core/Src/system_stm32l4xx.o
 .debug_frame   0x0000039c      0x498 ./Drivers/STM32L4xx_HAL_Driver/Src/stm32l4xx_hal.o
 .debug_frame   0x00000834      0x4e8 ./Drivers/STM32L4xx_HAL_Driver/Src/stm32l4xx_hal_cortex.o
 .debug_frame   0x00000d1c      0x338 ./Drivers/STM32L4xx_HAL_Driver/Src/stm32l4xx_hal_dac.o
 .debug_frame   0x00001054      0x234 ./Drivers/STM32L4xx_HAL_Driver/Src/stm32l4xx_hal_dac_ex.o
 .debug_frame   0x00001288      0x24c ./Drivers/STM32L4xx_HAL_Driver/Src/stm32l4xx_hal_dma.o
 .debug_frame   0x000014d4      0x14c ./Drivers/STM32L4xx_HAL_Driver/Src/stm32l4xx_hal_gpio.o
 .debug_frame   0x00001620      0x5c4 ./Drivers/STM32L4xx_HAL_Driver/Src/stm32l4xx_hal_pwr_ex.o
 .debug_frame   0x00001be4      0x248 ./Drivers/STM32L4xx_HAL_Driver/Src/stm32l4xx_hal_rcc.o
 .debug_frame   0x00001e2c     0x121c ./Drivers/STM32L4xx_HAL_Driver/Src/stm32l4xx_hal_tim.o
 .debug_frame   0x00003048      0x6b0 ./Drivers/STM32L4xx_HAL_Driver/Src/stm32l4xx_hal_tim_ex.o
 .debug_frame   0x000036f8       0x20 C:\Users\Joey Liu\Desktop\MCGILL\FALL2024\ECSE444\A3\Lib\libarm_cortexM4lf_math.a(arm_sin_f32.o)
 .debug_frame   0x00003718       0x20 D:/STM32CubeIDE_1.16.0/STM32CubeIDE/plugins/com.st.stm32cube.ide.mcu.externaltools.gnu-tools-for-stm32.12.3.rel1.win32_1.0.200.202406191623/tools/bin/../lib/gcc/arm-none-eabi/12.3.1/../../../../arm-none-eabi/lib/thumb/v7e-m+fp/hard\libc_nano.a(libc_a-memset.o)
 .debug_frame   0x00003738       0x2c D:/STM32CubeIDE_1.16.0/STM32CubeIDE/plugins/com.st.stm32cube.ide.mcu.externaltools.gnu-tools-for-stm32.12.3.rel1.win32_1.0.200.202406191623/tools/bin/../lib/gcc/arm-none-eabi/12.3.1/../../../../arm-none-eabi/lib/thumb/v7e-m+fp/hard\libc_nano.a(libc_a-init.o)

.debug_line_str
                0x00000000       0x63
 .debug_line_str
                0x00000000       0x63 ./Core/Startup/startup_stm32l4s5vitx.o

.debug_loc      0x00000000       0xfa
 .debug_loc     0x00000000       0xfa C:\Users\Joey Liu\Desktop\MCGILL\FALL2024\ECSE444\A3\Lib\libarm_cortexM4lf_math.a(arm_sin_f32.o)

.debug_ranges   0x00000000       0x10
 .debug_ranges  0x00000000       0x10 C:\Users\Joey Liu\Desktop\MCGILL\FALL2024\ECSE444\A3\Lib\libarm_cortexM4lf_math.a(arm_sin_f32.o)
